------------------------------------------------------------
TimeQuest Timing Analyzer Summary
------------------------------------------------------------

Type  : Slow 1200mV 85C Model Setup 'CLOCK'
Slack : 2.065
TNS   : 0.000

Type  : Slow 1200mV 85C Model Setup 'GLOBAL_CLOCK|VGA_PLL|altpll_component|auto_generated|pll1|clk[2]'
Slack : 10.155
TNS   : 0.000

Type  : Slow 1200mV 85C Model Setup 'altera_reserved_tck'
Slack : 42.883
TNS   : 0.000

Type  : Slow 1200mV 85C Model Hold 'CLOCK'
Slack : 0.384
TNS   : 0.000

Type  : Slow 1200mV 85C Model Hold 'altera_reserved_tck'
Slack : 0.405
TNS   : 0.000

Type  : Slow 1200mV 85C Model Hold 'GLOBAL_CLOCK|VGA_PLL|altpll_component|auto_generated|pll1|clk[2]'
Slack : 0.432
TNS   : 0.000

Type  : Slow 1200mV 85C Model Recovery 'altera_reserved_tck'
Slack : 48.113
TNS   : 0.000

Type  : Slow 1200mV 85C Model Removal 'altera_reserved_tck'
Slack : 1.152
TNS   : 0.000

Type  : Slow 1200mV 85C Model Minimum Pulse Width 'CLOCK'
Slack : 9.621
TNS   : 0.000

Type  : Slow 1200mV 85C Model Minimum Pulse Width 'GLOBAL_CLOCK|VGA_PLL|altpll_component|auto_generated|pll1|clk[2]'
Slack : 19.709
TNS   : 0.000

Type  : Slow 1200mV 85C Model Minimum Pulse Width 'altera_reserved_tck'
Slack : 49.731
TNS   : 0.000

Type  : Slow 1200mV 0C Model Setup 'CLOCK'
Slack : 3.744
TNS   : 0.000

Type  : Slow 1200mV 0C Model Setup 'GLOBAL_CLOCK|VGA_PLL|altpll_component|auto_generated|pll1|clk[2]'
Slack : 11.107
TNS   : 0.000

Type  : Slow 1200mV 0C Model Setup 'altera_reserved_tck'
Slack : 43.527
TNS   : 0.000

Type  : Slow 1200mV 0C Model Hold 'CLOCK'
Slack : 0.337
TNS   : 0.000

Type  : Slow 1200mV 0C Model Hold 'altera_reserved_tck'
Slack : 0.354
TNS   : 0.000

Type  : Slow 1200mV 0C Model Hold 'GLOBAL_CLOCK|VGA_PLL|altpll_component|auto_generated|pll1|clk[2]'
Slack : 0.400
TNS   : 0.000

Type  : Slow 1200mV 0C Model Recovery 'altera_reserved_tck'
Slack : 48.428
TNS   : 0.000

Type  : Slow 1200mV 0C Model Removal 'altera_reserved_tck'
Slack : 1.052
TNS   : 0.000

Type  : Slow 1200mV 0C Model Minimum Pulse Width 'CLOCK'
Slack : 9.642
TNS   : 0.000

Type  : Slow 1200mV 0C Model Minimum Pulse Width 'GLOBAL_CLOCK|VGA_PLL|altpll_component|auto_generated|pll1|clk[2]'
Slack : 19.709
TNS   : 0.000

Type  : Slow 1200mV 0C Model Minimum Pulse Width 'altera_reserved_tck'
Slack : 49.597
TNS   : 0.000

Type  : Fast 1200mV 0C Model Setup 'CLOCK'
Slack : 8.041
TNS   : 0.000

Type  : Fast 1200mV 0C Model Setup 'GLOBAL_CLOCK|VGA_PLL|altpll_component|auto_generated|pll1|clk[2]'
Slack : 14.852
TNS   : 0.000

Type  : Fast 1200mV 0C Model Setup 'altera_reserved_tck'
Slack : 46.524
TNS   : 0.000

Type  : Fast 1200mV 0C Model Hold 'CLOCK'
Slack : 0.173
TNS   : 0.000

Type  : Fast 1200mV 0C Model Hold 'altera_reserved_tck'
Slack : 0.182
TNS   : 0.000

Type  : Fast 1200mV 0C Model Hold 'GLOBAL_CLOCK|VGA_PLL|altpll_component|auto_generated|pll1|clk[2]'
Slack : 0.192
TNS   : 0.000

Type  : Fast 1200mV 0C Model Recovery 'altera_reserved_tck'
Slack : 49.225
TNS   : 0.000

Type  : Fast 1200mV 0C Model Removal 'altera_reserved_tck'
Slack : 0.552
TNS   : 0.000

Type  : Fast 1200mV 0C Model Minimum Pulse Width 'CLOCK'
Slack : 9.348
TNS   : 0.000

Type  : Fast 1200mV 0C Model Minimum Pulse Width 'GLOBAL_CLOCK|VGA_PLL|altpll_component|auto_generated|pll1|clk[2]'
Slack : 19.779
TNS   : 0.000

Type  : Fast 1200mV 0C Model Minimum Pulse Width 'altera_reserved_tck'
Slack : 49.592
TNS   : 0.000

------------------------------------------------------------
